
> advanced-react@0.0.0 build
> vite build

[36mvite v7.0.6 [32mbuilding for production...[36m[39m
transforming...
node.exe : [33mnode_modules/react-virtualized/dist/es/WindowScroller/utils/onScroll.js (1:0): Module level directives 
cause errors when bundled, "no babel-plugin-flow-react-proptypes" in "node_modules/react-virtualized/dist/es/WindowScro
ller/utils/onScroll.js" was ignored.[39m
At C:\Program Files\nodejs\npm.ps1:29 char:3
+   & $NODE_EXE $NPM_CLI_JS $args
+   ~~~~~~~~~~~~~~~~~~~~~~~~~~~~~
    + CategoryInfo          : NotSpecified: ([33mnode_modul...s ignored.[39m:String) [], RemoteException
    + FullyQualifiedErrorId : NativeCommandError
 
[32m✓[39m 969 modules transformed.
[33mExport "Typography" of module "src/shared/ui/Typography/Typography.tsx" was reexported through module "src/shared/
ui/Typography/index.ts" while both modules are dependencies of each other and will end up in different chunks by curren
t Rollup settings. This scenario is not well supported at the moment as it will produce a circular dependency between c
hunks and will likely lead to broken execution order.
Either change the import in "src/pages/AuthTwoFactor/ui/AuthTwoFactorChallenge/AuthTwoFactorChallenge.tsx" to point dir
ectly to the exporting module or reconfigure "output.manualChunks" to ensure these modules end up in the same chunk.[3
9m
[33mExport "Typography" of module "src/shared/ui/Typography/Typography.tsx" was reexported through module "src/shared/
ui/Typography/index.ts" while both modules are dependencies of each other and will end up in different chunks by curren
t Rollup settings. This scenario is not well supported at the moment as it will produce a circular dependency between c
hunks and will likely lead to broken execution order.
Either change the import in "src/pages/AuthTwoFactor/ui/AuthTwoFactorPage/AuthTwoFactorPage.tsx" to point directly to t
he exporting module or reconfigure "output.manualChunks" to ensure these modules end up in the same chunk.[39m
[33mExport "Typography" of module "src/shared/ui/Typography/Typography.tsx" was reexported through module "src/shared/
ui/Typography/index.ts" while both modules are dependencies of each other and will end up in different chunks by curren
t Rollup settings. This scenario is not well supported at the moment as it will produce a circular dependency between c
hunks and will likely lead to broken execution order.
Either change the import in "src/pages/Cart/ui/CartPageItemsSection/CartPageItemsSection.tsx" to point directly to the 
exporting module or reconfigure "output.manualChunks" to ensure these modules end up in the same chunk.[39m
[33mExport "Typography" of module "src/shared/ui/Typography/Typography.tsx" was reexported through module "src/shared/
ui/Typography/index.ts" while both modules are dependencies of each other and will end up in different chunks by curren
t Rollup settings. This scenario is not well supported at the moment as it will produce a circular dependency between c
hunks and will likely lead to broken execution order.
Either change the import in "src/pages/Cart/ui/CartSummaryCard/CartSummaryCard.tsx" to point directly to the exporting 
module or reconfigure "output.manualChunks" to ensure these modules end up in the same chunk.[39m
[33mExport "ProductFiltersControls" of module "src/features/product-filters/ui/ProductFiltersControls/ProductFiltersCo
ntrols.tsx" was reexported through module "src/features/product-filters/index.ts" while both modules are dependencies o
f each other and will end up in different chunks by current Rollup settings. This scenario is not well supported at the
 moment as it will produce a circular dependency between chunks and will likely lead to broken execution order.
Either change the import in "src/pages/Category/ui/CategoryPage/CategoryPage.tsx" to point directly to the exporting mo
dule or reconfigure "output.manualChunks" to ensure these modules end up in the same chunk.[39m
[33mExport "Typography" of module "src/shared/ui/Typography/Typography.tsx" was reexported through module "src/shared/
ui/Typography/index.ts" while both modules are dependencies of each other and will end up in different chunks by curren
t Rollup settings. This scenario is not well supported at the moment as it will produce a circular dependency between c
hunks and will likely lead to broken execution order.
Either change the import in "src/features/apply-coupon/ui/Coupon/Coupon.tsx" to point directly to the exporting module 
or reconfigure "output.manualChunks" to ensure these modules end up in the same chunk.[39m
[33mExport "Typography" of module "src/shared/ui/Typography/Typography.tsx" was reexported through module "src/shared/
ui/Typography/index.ts" while both modules are dependencies of each other and will end up in different chunks by curren
t Rollup settings. This scenario is not well supported at the moment as it will produce a circular dependency between c
hunks and will likely lead to broken execution order.
Either change the import in "src/features/choose-delivery-tip/ui/DeliveryTip/DeliveryTip.tsx" to point directly to the 
exporting module or reconfigure "output.manualChunks" to ensure these modules end up in the same chunk.[39m
[33mExport "Typography" of module "src/shared/ui/Typography/Typography.tsx" was reexported through module "src/shared/
ui/Typography/index.ts" while both modules are dependencies of each other and will end up in different chunks by curren
t Rollup settings. This scenario is not well supported at the moment as it will produce a circular dependency between c
hunks and will likely lead to broken execution order.
Either change the import in "src/pages/Checkout/ui/CheckoutDeliveryInfoCard/CheckoutDeliveryInfoCard.tsx" to point dire
ctly to the exporting module or reconfigure "output.manualChunks" to ensure these modules end up in the same chunk.[39
m
[33mExport "Typography" of module "src/shared/ui/Typography/Typography.tsx" was reexported through module "src/shared/
ui/Typography/index.ts" while both modules are dependencies of each other and will end up in different chunks by curren
t Rollup settings. This scenario is not well supported at the moment as it will produce a circular dependency between c
hunks and will likely lead to broken execution order.
Either change the import in "src/pages/Checkout/ui/PlaceOrder/PlaceOrder.tsx" to point directly to the exporting module
 or reconfigure "output.manualChunks" to ensure these modules end up in the same chunk.[39m
[33mExport "Typography" of module "src/shared/ui/Typography/Typography.tsx" was reexported through module "src/shared/
ui/Typography/index.ts" while both modules are dependencies of each other and will end up in different chunks by curren
t Rollup settings. This scenario is not well supported at the moment as it will produce a circular dependency between c
hunks and will likely lead to broken execution order.
Either change the import in "src/pages/Checkout/ui/CheckoutPage/CheckoutPage.tsx" to point directly to the exporting mo
dule or reconfigure "output.manualChunks" to ensure these modules end up in the same chunk.[39m
[33mExport "Typography" of module "src/shared/ui/Typography/Typography.tsx" was reexported through module "src/shared/
ui/Typography/index.ts" while both modules are dependencies of each other and will end up in different chunks by curren
t Rollup settings. This scenario is not well supported at the moment as it will produce a circular dependency between c
hunks and will likely lead to broken execution order.
Either change the import in "src/features/choose-delivery-date/ui/ChooseDeliveryDateContent/ChooseDeliveryDateContent.t
sx" to point directly to the exporting module or reconfigure "output.manualChunks" to ensure these modules end up in th
e same chunk.[39m
[33mExport "Typography" of module "src/shared/ui/Typography/Typography.tsx" was reexported through module "src/shared/
ui/Typography/index.ts" while both modules are dependencies of each other and will end up in different chunks by curren
t Rollup settings. This scenario is not well supported at the moment as it will produce a circular dependency between c
hunks and will likely lead to broken execution order.
Either change the import in "src/features/choose-delivery-date/ui/ChooseDeliveryDate/ChooseDeliveryDate.tsx" to point d
irectly to the exporting module or reconfigure "output.manualChunks" to ensure these modules end up in the same chunk.
[39m
[33mExport "Typography" of module "src/shared/ui/Typography/Typography.tsx" was reexported through module "src/shared/
ui/Typography/index.ts" while both modules are dependencies of each other and will end up in different chunks by curren
t Rollup settings. This scenario is not well supported at the moment as it will produce a circular dependency between c
hunks and will likely lead to broken execution order.
Either change the import in "src/pages/CheckoutResult/ui/CheckoutResultPage/CheckoutResultPage.tsx" to point directly t
o the exporting module or reconfigure "output.manualChunks" to ensure these modules end up in the same chunk.[39m
[33mExport "Typography" of module "src/shared/ui/Typography/Typography.tsx" was reexported through module "src/shared/
ui/Typography/index.ts" while both modules are dependencies of each other and will end up in different chunks by curren
t Rollup settings. This scenario is not well supported at the moment as it will produce a circular dependency between c
hunks and will likely lead to broken execution order.
Either change the import in "src/pages/ForgotPassword/ui/ForgotPasswordForm/ForgotPasswordForm.tsx" to point directly t
o the exporting module or reconfigure "output.manualChunks" to ensure these modules end up in the same chunk.[39m
[33mExport "Typography" of module "src/shared/ui/Typography/Typography.tsx" was reexported through module "src/shared/
ui/Typography/index.ts" while both modules are dependencies of each other and will end up in different chunks by curren
t Rollup settings. This scenario is not well supported at the moment as it will produce a circular dependency between c
hunks and will likely lead to broken execution order.
Either change the import in "src/pages/ForgotPassword/ui/ForgotPasswordPage/ForgotPasswordPage.tsx" to point directly t
o the exporting module or reconfigure "output.manualChunks" to ensure these modules end up in the same chunk.[39m
[33mExport "Typography" of module "src/shared/ui/Typography/Typography.tsx" was reexported through module "src/shared/
ui/Typography/index.ts" while both modules are dependencies of each other and will end up in different chunks by curren
t Rollup settings. This scenario is not well supported at the moment as it will produce a circular dependency between c
hunks and will likely lead to broken execution order.
Either change the import in "src/pages/Home/ui/FirstOrderSection/FirstOrderSection.tsx" to point directly to the export
ing module or reconfigure "output.manualChunks" to ensure these modules end up in the same chunk.[39m
[33mExport "Typography" of module "src/shared/ui/Typography/Typography.tsx" was reexported through module "src/shared/
ui/Typography/index.ts" while both modules are dependencies of each other and will end up in different chunks by curren
t Rollup settings. This scenario is not well supported at the moment as it will produce a circular dependency between c
hunks and will likely lead to broken execution order.
Either change the import in "src/pages/Home/ui/TrendingProducts/TrendingProducts.tsx" to point directly to the exportin
g module or reconfigure "output.manualChunks" to ensure these modules end up in the same chunk.[39m
[33mExport "Typography" of module "src/shared/ui/Typography/Typography.tsx" was reexported through module "src/shared/
ui/Typography/index.ts" while both modules are dependencies of each other and will end up in different chunks by curren
t Rollup settings. This scenario is not well supported at the moment as it will produce a circular dependency between c
hunks and will likely lead to broken execution order.
Either change the import in "src/pages/Login/ui/LoginForm/LoginForm.tsx" to point directly to the exporting module or r
econfigure "output.manualChunks" to ensure these modules end up in the same chunk.[39m
[33mExport "Typography" of module "src/shared/ui/Typography/Typography.tsx" was reexported through module "src/shared/
ui/Typography/index.ts" while both modules are dependencies of each other and will end up in different chunks by curren
t Rollup settings. This scenario is not well supported at the moment as it will produce a circular dependency between c
hunks and will likely lead to broken execution order.
Either change the import in "src/pages/Login/ui/LoginPage/LoginPage.tsx" to point directly to the exporting module or r
econfigure "output.manualChunks" to ensure these modules end up in the same chunk.[39m
[33mExport "Typography" of module "src/shared/ui/Typography/Typography.tsx" was reexported through module "src/shared/
ui/Typography/index.ts" while both modules are dependencies of each other and will end up in different chunks by curren
t Rollup settings. This scenario is not well supported at the moment as it will produce a circular dependency between c
hunks and will likely lead to broken execution order.
Either change the import in "src/pages/Order/ui/OrderDeliveryAddressCard/OrderDeliveryAddressCard.tsx" to point directl
y to the exporting module or reconfigure "output.manualChunks" to ensure these modules end up in the same chunk.[39m
[33mExport "Typography" of module "src/shared/ui/Typography/Typography.tsx" was reexported through module "src/shared/
ui/Typography/index.ts" while both modules are dependencies of each other and will end up in different chunks by curren
t Rollup settings. This scenario is not well supported at the moment as it will produce a circular dependency between c
hunks and will likely lead to broken execution order.
Either change the import in "src/pages/Order/ui/OrderPaymentInfoCard/OrderPaymentInfoCard.tsx" to point directly to the
 exporting module or reconfigure "output.manualChunks" to ensure these modules end up in the same chunk.[39m
[33mExport "Typography" of module "src/shared/ui/Typography/Typography.tsx" was reexported through module "src/shared/
ui/Typography/index.ts" while both modules are dependencies of each other and will end up in different chunks by curren
t Rollup settings. This scenario is not well supported at the moment as it will produce a circular dependency between c
hunks and will likely lead to broken execution order.
Either change the import in "src/shared/ui/Timeline/Timeline.tsx" to point directly to the exporting module or reconfig
ure "output.manualChunks" to ensure these modules end up in the same chunk.[39m
[33mExport "Typography" of module "src/shared/ui/Typography/Typography.tsx" was reexported through module "src/shared/
ui/Typography/index.ts" while both modules are dependencies of each other and will end up in different chunks by curren
t Rollup settings. This scenario is not well supported at the moment as it will produce a circular dependency between c
hunks and will likely lead to broken execution order.
Either change the import in "src/pages/Order/ui/OrderTrackingSection/OrderTrackingSection.tsx" to point directly to the
 exporting module or reconfigure "output.manualChunks" to ensure these modules end up in the same chunk.[39m
[33mExport "Typography" of module "src/shared/ui/Typography/Typography.tsx" was reexported through module "src/shared/
ui/Typography/index.ts" while both modules are dependencies of each other and will end up in different chunks by curren
t Rollup settings. This scenario is not well supported at the moment as it will produce a circular dependency between c
hunks and will likely lead to broken execution order.
Either change the import in "src/pages/Order/ui/OrderPage/OrderPage.tsx" to point directly to the exporting module or r
econfigure "output.manualChunks" to ensure these modules end up in the same chunk.[39m
[33mExport "Typography" of module "src/shared/ui/Typography/Typography.tsx" was reexported through module "src/shared/
ui/Typography/index.ts" while both modules are dependencies of each other and will end up in different chunks by curren
t Rollup settings. This scenario is not well supported at the moment as it will produce a circular dependency between c
hunks and will likely lead to broken execution order.
Either change the import in "src/widgets/ReviewOrderItems/ui/ReviewOrderItems/ReviewOrderItems.tsx" to point directly t
o the exporting module or reconfigure "output.manualChunks" to ensure these modules end up in the same chunk.[39m
[33mExport "Typography" of module "src/shared/ui/Typography/Typography.tsx" was reexported through module "src/shared/
ui/Typography/index.ts" while both modules are dependencies of each other and will end up in different chunks by curren
t Rollup settings. This scenario is not well supported at the moment as it will produce a circular dependency between c
hunks and will likely lead to broken execution order.
Either change the import in "src/entities/order/ui/SummaryRow/SummaryRow.tsx" to point directly to the exporting module
 or reconfigure "output.manualChunks" to ensure these modules end up in the same chunk.[39m
[33mExport "Typography" of module "src/shared/ui/Typography/Typography.tsx" was reexported through module "src/shared/
ui/Typography/index.ts" while both modules are dependencies of each other and will end up in different chunks by curren
t Rollup settings. This scenario is not well supported at the moment as it will produce a circular dependency between c
hunks and will likely lead to broken execution order.
Either change the import in "src/entities/order/ui/OrderSummaryCard/OrderSummaryCard.tsx" to point directly to the expo
rting module or reconfigure "output.manualChunks" to ensure these modules end up in the same chunk.[39m
[33mExport "Typography" of module "src/shared/ui/Typography/Typography.tsx" was reexported through module "src/shared/
ui/Typography/index.ts" while both modules are dependencies of each other and will end up in different chunks by curren
t Rollup settings. This scenario is not well supported at the moment as it will produce a circular dependency between c
hunks and will likely lead to broken execution order.
Either change the import in "src/pages/Product/ui/ProductInfo/ProductInfo.tsx" to point directly to the exporting modul
e or reconfigure "output.manualChunks" to ensure these modules end up in the same chunk.[39m
[33mExport "Typography" of module "src/shared/ui/Typography/Typography.tsx" was reexported through module "src/shared/
ui/Typography/index.ts" while both modules are dependencies of each other and will end up in different chunks by curren
t Rollup settings. This scenario is not well supported at the moment as it will produce a circular dependency between c
hunks and will likely lead to broken execution order.
Either change the import in "src/widgets/BestSellingProducts/ui/BestSellingProducts/BestSellingProducts.tsx" to point d
irectly to the exporting module or reconfigure "output.manualChunks" to ensure these modules end up in the same chunk.
[39m
[33mExport "Typography" of module "src/shared/ui/Typography/Typography.tsx" was reexported through module "src/shared/
ui/Typography/index.ts" while both modules are dependencies of each other and will end up in different chunks by curren
t Rollup settings. This scenario is not well supported at the moment as it will produce a circular dependency between c
hunks and will likely lead to broken execution order.
Either change the import in "src/pages/Register/ui/CreatePasswordStep/CreatePasswordStep.tsx" to point directly to the 
exporting module or reconfigure "output.manualChunks" to ensure these modules end up in the same chunk.[39m
[33mExport "Typography" of module "src/shared/ui/Typography/Typography.tsx" was reexported through module "src/shared/
ui/Typography/index.ts" while both modules are dependencies of each other and will end up in different chunks by curren
t Rollup settings. This scenario is not well supported at the moment as it will produce a circular dependency between c
hunks and will likely lead to broken execution order.
Either change the import in "src/pages/Register/ui/CredentialsStep/CredentialStep.tsx" to point directly to the exporti
ng module or reconfigure "output.manualChunks" to ensure these modules end up in the same chunk.[39m
[33mExport "Typography" of module "src/shared/ui/Typography/Typography.tsx" was reexported through module "src/shared/
ui/Typography/index.ts" while both modules are dependencies of each other and will end up in different chunks by curren
t Rollup settings. This scenario is not well supported at the moment as it will produce a circular dependency between c
hunks and will likely lead to broken execution order.
Either change the import in "src/pages/Register/ui/VerificationStep/VerificationStep.tsx" to point directly to the expo
rting module or reconfigure "output.manualChunks" to ensure these modules end up in the same chunk.[39m
[33mExport "Typography" of module "src/shared/ui/Typography/Typography.tsx" was reexported through module "src/shared/
ui/Typography/index.ts" while both modules are dependencies of each other and will end up in different chunks by curren
t Rollup settings. This scenario is not well supported at the moment as it will produce a circular dependency between c
hunks and will likely lead to broken execution order.
Either change the import in "src/pages/Register/ui/RegisterPage/RegisterPageContent.tsx" to point directly to the expor
ting module or reconfigure "output.manualChunks" to ensure these modules end up in the same chunk.[39m
[33mExport "Typography" of module "src/shared/ui/Typography/Typography.tsx" was reexported through module "src/shared/
ui/Typography/index.ts" while both modules are dependencies of each other and will end up in different chunks by curren
t Rollup settings. This scenario is not well supported at the moment as it will produce a circular dependency between c
hunks and will likely lead to broken execution order.
Either change the import in "src/pages/ResetPassword/ui/ResetPasswordForm/ResetPasswordForm.tsx" to point directly to t
he exporting module or reconfigure "output.manualChunks" to ensure these modules end up in the same chunk.[39m
[33mExport "Typography" of module "src/shared/ui/Typography/Typography.tsx" was reexported through module "src/shared/
ui/Typography/index.ts" while both modules are dependencies of each other and will end up in different chunks by curren
t Rollup settings. This scenario is not well supported at the moment as it will produce a circular dependency between c
hunks and will likely lead to broken execution order.
Either change the import in "src/pages/ResetPassword/ui/ResetPasswordPage/ResetPasswordPage.tsx" to point directly to t
he exporting module or reconfigure "output.manualChunks" to ensure these modules end up in the same chunk.[39m
[33mExport "Typography" of module "src/shared/ui/Typography/Typography.tsx" was reexported through module "src/shared/
ui/Typography/index.ts" while both modules are dependencies of each other and will end up in different chunks by curren
t Rollup settings. This scenario is not well supported at the moment as it will produce a circular dependency between c
hunks and will likely lead to broken execution order.
Either change the import in "src/pages/Search/ui/SearchPage/SearchPage.tsx" to point directly to the exporting module o
r reconfigure "output.manualChunks" to ensure these modules end up in the same chunk.[39m
[33mExport "ProductFiltersControls" of module "src/features/product-filters/ui/ProductFiltersControls/ProductFiltersCo
ntrols.tsx" was reexported through module "src/features/product-filters/index.ts" while both modules are dependencies o
f each other and will end up in different chunks by current Rollup settings. This scenario is not well supported at the
 moment as it will produce a circular dependency between chunks and will likely lead to broken execution order.
Either change the import in "src/pages/Search/ui/SearchPage/SearchPage.tsx" to point directly to the exporting module o
r reconfigure "output.manualChunks" to ensure these modules end up in the same chunk.[39m
[33mExport "Typography" of module "src/shared/ui/Typography/Typography.tsx" was reexported through module "src/shared/
ui/Typography/index.ts" while both modules are dependencies of each other and will end up in different chunks by curren
t Rollup settings. This scenario is not well supported at the moment as it will produce a circular dependency between c
hunks and will likely lead to broken execution order.
Either change the import in "src/features/product-filters/ui/CheckboxFilterSection/CheckboxFilterSection.tsx" to point 
directly to the exporting module or reconfigure "output.manualChunks" to ensure these modules end up in the same chunk.
[39m
[33mExport "Typography" of module "src/shared/ui/Typography/Typography.tsx" was reexported through module "src/shared/
ui/Typography/index.ts" while both modules are dependencies of each other and will end up in different chunks by curren
t Rollup settings. This scenario is not well supported at the moment as it will produce a circular dependency between c
hunks and will likely lead to broken execution order.
Either change the import in "src/features/product-filters/ui/RangeFilterSection/RangeFilterSection.tsx" to point direct
ly to the exporting module or reconfigure "output.manualChunks" to ensure these modules end up in the same chunk.[39m
[33mExport "Typography" of module "src/shared/ui/Typography/Typography.tsx" was reexported through module "src/shared/
ui/Typography/index.ts" while both modules are dependencies of each other and will end up in different chunks by curren
t Rollup settings. This scenario is not well supported at the moment as it will produce a circular dependency between c
hunks and will likely lead to broken execution order.
Either change the import in "src/entities/product/ui/ProductCard/ProductCard.tsx" to point directly to the exporting mo
dule or reconfigure "output.manualChunks" to ensure these modules end up in the same chunk.[39m
[33mExport "Typography" of module "src/shared/ui/Typography/Typography.tsx" was reexported through module "src/shared/
ui/Typography/index.ts" while both modules are dependencies of each other and will end up in different chunks by curren
t Rollup settings. This scenario is not well supported at the moment as it will produce a circular dependency between c
hunks and will likely lead to broken execution order.
Either change the import in "src/pages/settings/AccountDetails/ui/SettingsAccountDetailsPage/SettingsAccountDetailsPage
.tsx" to point directly to the exporting module or reconfigure "output.manualChunks" to ensure these modules end up in 
the same chunk.[39m
[33mExport "Typography" of module "src/shared/ui/Typography/Typography.tsx" was reexported through module "src/shared/
ui/Typography/index.ts" while both modules are dependencies of each other and will end up in different chunks by curren
t Rollup settings. This scenario is not well supported at the moment as it will produce a circular dependency between c
hunks and will likely lead to broken execution order.
Either change the import in "src/pages/settings/Notifications/ui/SettingsNotificationsPage/SettingsNotificationsPage.ts
x" to point directly to the exporting module or reconfigure "output.manualChunks" to ensure these modules end up in the
 same chunk.[39m
[33mExport "Typography" of module "src/shared/ui/Typography/Typography.tsx" was reexported through module "src/shared/
ui/Typography/index.ts" while both modules are dependencies of each other and will end up in different chunks by curren
t Rollup settings. This scenario is not well supported at the moment as it will produce a circular dependency between c
hunks and will likely lead to broken execution order.
Either change the import in "src/pages/settings/Orders/ui/OrderCard/OrderCard.tsx" to point directly to the exporting m
odule or reconfigure "output.manualChunks" to ensure these modules end up in the same chunk.[39m
[33mExport "Typography" of module "src/shared/ui/Typography/Typography.tsx" was reexported through module "src/shared/
ui/Typography/index.ts" while both modules are dependencies of each other and will end up in different chunks by curren
t Rollup settings. This scenario is not well supported at the moment as it will produce a circular dependency between c
hunks and will likely lead to broken execution order.
Either change the import in "src/pages/settings/Orders/ui/SettingsOrdersPage/SettingsOrdersPage.tsx" to point directly 
to the exporting module or reconfigure "output.manualChunks" to ensure these modules end up in the same chunk.[39m
[33mExport "Typography" of module "src/shared/ui/Typography/Typography.tsx" was reexported through module "src/shared/
ui/Typography/index.ts" while both modules are dependencies of each other and will end up in different chunks by curren
t Rollup settings. This scenario is not well supported at the moment as it will produce a circular dependency between c
hunks and will likely lead to broken execution order.
Either change the import in "src/entities/order/ui/OrderStatusBadge/OrderStatusBadge.tsx" to point directly to the expo
rting module or reconfigure "output.manualChunks" to ensure these modules end up in the same chunk.[39m
[33mExport "Typography" of module "src/shared/ui/Typography/Typography.tsx" was reexported through module "src/shared/
ui/Typography/index.ts" while both modules are dependencies of each other and will end up in different chunks by curren
t Rollup settings. This scenario is not well supported at the moment as it will produce a circular dependency between c
hunks and will likely lead to broken execution order.
Either change the import in "src/pages/settings/Security/ui/ManageSessions/ManageSessions.tsx" to point directly to the
 exporting module or reconfigure "output.manualChunks" to ensure these modules end up in the same chunk.[39m
[33mExport "Typography" of module "src/shared/ui/Typography/Typography.tsx" was reexported through module "src/shared/
ui/Typography/index.ts" while both modules are dependencies of each other and will end up in different chunks by curren
t Rollup settings. This scenario is not well supported at the moment as it will produce a circular dependency between c
hunks and will likely lead to broken execution order.
Either change the import in "src/pages/settings/Security/ui/SetupTwoFactorCard/SetupTwoFactorCard.tsx" to point directl
y to the exporting module or reconfigure "output.manualChunks" to ensure these modules end up in the same chunk.[39m
[33mExport "Typography" of module "src/shared/ui/Typography/Typography.tsx" was reexported through module "src/shared/
ui/Typography/index.ts" while both modules are dependencies of each other and will end up in different chunks by curren
t Rollup settings. This scenario is not well supported at the moment as it will produce a circular dependency between c
hunks and will likely lead to broken execution order.
Either change the import in "src/pages/settings/Security/ui/UnlinkGoogleButton/UnlinkGoogleButton.tsx" to point directl
y to the exporting module or reconfigure "output.manualChunks" to ensure these modules end up in the same chunk.[39m
[33mExport "Typography" of module "src/shared/ui/Typography/Typography.tsx" was reexported through module "src/shared/
ui/Typography/index.ts" while both modules are dependencies of each other and will end up in different chunks by curren
t Rollup settings. This scenario is not well supported at the moment as it will produce a circular dependency between c
hunks and will likely lead to broken execution order.
Either change the import in "src/pages/settings/Security/ui/SettingsSecurityPage/SettingsSecurityPage.tsx" to point dir
ectly to the exporting module or reconfigure "output.manualChunks" to ensure these modules end up in the same chunk.[3
9m
[33mExport "Typography" of module "src/shared/ui/Typography/Typography.tsx" was reexported through module "src/shared/
ui/Typography/index.ts" while both modules are dependencies of each other and will end up in different chunks by curren
t Rollup settings. This scenario is not well supported at the moment as it will produce a circular dependency between c
hunks and will likely lead to broken execution order.
Either change the import in "src/pages/VerifyEmailError/ui/VerifyEmailErrorPage/VerifyEmailErrorPage.tsx" to point dire
ctly to the exporting module or reconfigure "output.manualChunks" to ensure these modules end up in the same chunk.[39
m
[33mExport "Typography" of module "src/shared/ui/Typography/Typography.tsx" was reexported through module "src/shared/
ui/Typography/index.ts" while both modules are dependencies of each other and will end up in different chunks by curren
t Rollup settings. This scenario is not well supported at the moment as it will produce a circular dependency between c
hunks and will likely lead to broken execution order.
Either change the import in "src/pages/VerifyEmailSuccess/ui/VerifyEmailSuccessPage/VerifyEmailSuccessPage.tsx" to poin
t directly to the exporting module or reconfigure "output.manualChunks" to ensure these modules end up in the same chun
k.[39m
rendering chunks...
computing gzip size...
[2mdist/[22m[32mindex.html                                     [39m[1m[2m  0.50 kB[22m[1m[22m[2m │ gzip:   0.30 kB[22m
[2mdist/[22m[35massets/Grid-7lyQ-fmu.css                       [39m[1m[2m  0.03 kB[22m[1m[22m[2m │ gzip:   0.05 kB[22m
[2mdist/[22m[35massets/CheckoutResultPage-B422AsbN.css         [39m[1m[2m  0.07 kB[22m[1m[22m[2m │ gzip:   0.09 kB[22m
[2mdist/[22m[35massets/VerifyEmailSuccessPage-CvdceACk.css     [39m[1m[2m  0.11 kB[22m[1m[22m[2m │ gzip:   0.12 kB[22m
[2mdist/[22m[35massets/SettingsNotificationsPage-BfyL239P.css  [39m[1m[2m  0.12 kB[22m[1m[22m[2m │ gzip:   0.13 kB[22m
[2mdist/[22m[35massets/CategoryPage-DR0RqIki.css               [39m[1m[2m  0.14 kB[22m[1m[22m[2m │ gzip:   0.14 kB[22m
[2mdist/[22m[35massets/OTPInput-tKYaEwDA.css                   [39m[1m[2m  0.16 kB[22m[1m[22m[2m │ gzip:   0.14 kB[22m
[2mdist/[22m[35massets/VerifyEmailErrorPage-CyfEVls0.css       [39m[1m[2m  0.17 kB[22m[1m[22m[2m │ gzip:   0.14 kB[22m
[2mdist/[22m[35massets/AuthTwoFactorPage-BElbD0sv.css          [39m[1m[2m  0.17 kB[22m[1m[22m[2m │ gzip:   0.15 kB[22m
[2mdist/[22m[35massets/SearchPage-ChGOBcQF.css                 [39m[1m[2m  0.17 kB[22m[1m[22m[2m │ gzip:   0.15 kB[22m
[2mdist/[22m[35massets/BestSellingProducts-ClHJKUmQ.css        [39m[1m[2m  0.22 kB[22m[1m[22m[2m │ gzip:   0.16 kB[22m
[2mdist/[22m[35massets/ForgotPasswordPage-BdacnqS-.css         [39m[1m[2m  0.25 kB[22m[1m[22m[2m │ gzip:   0.18 kB[22m
[2mdist/[22m[35massets/OrderSummaryCard-KGzH44IM.css           [39m[1m[2m  0.30 kB[22m[1m[22m[2m │ gzip:   0.19 kB[22m
[2mdist/[22m[35massets/ReviewOrderItemsSkeleton-CK2CB9IU.css   [39m[1m[2m  0.33 kB[22m[1m[22m[2m │ gzip:   0.20 kB[22m
[2mdist/[22m[35massets/Tabs-Db15HKzh.css                       [39m[1m[2m  0.33 kB[22m[1m[22m[2m │ gzip:   0.18 kB[22m
[2mdist/[22m[35massets/ResetPasswordPage-LKtfOwFa.css          [39m[1m[2m  0.38 kB[22m[1m[22m[2m │ gzip:   0.25 kB[22m
[2mdist/[22m[35massets/Breadcrumbs-C5avcI_Q.css                [39m[1m[2m  0.49 kB[22m[1m[22m[2m │ gzip:   0.27 kB[22m
[2mdist/[22m[35massets/OrderStatusBadge-SUE0EuG6.css           [39m[1m[2m  0.51 kB[22m[1m[22m[2m │ gzip:   0.27 kB[22m
[2mdist/[22m[35massets/HomePage-CC6m4tcm.css                   [39m[1m[2m  0.73 kB[22m[1m[22m[2m │ gzip:   0.36 kB[22m
[2mdist/[22m[35massets/PromoCarousel-BtssPaIb.css              [39m[1m[2m  0.78 kB[22m[1m[22m[2m │ gzip:   0.39 kB[22m
[2mdist/[22m[35massets/LoginPage-CN81ACU1.css                  [39m[1m[2m  0.79 kB[22m[1m[22m[2m │ gzip:   0.39 kB[22m
[2mdist/[22m[35massets/Accordion-u0H71Am0.css                  [39m[1m[2m  0.89 kB[22m[1m[22m[2m │ gzip:   0.42 kB[22m
[2mdist/[22m[35massets/SettingsSecurityPage-ycUZWKVE.css       [39m[1m[2m  0.92 kB[22m[1m[22m[2m │ gzip:   0.41 kB[22m
[2mdist/[22m[35massets/SettingsOrdersPage-BTlQrND6.css         [39m[1m[2m  0.97 kB[22m[1m[22m[2m │ gzip:   0.50 kB[22m
[2mdist/[22m[35massets/ProductPage-DJr_ltXW.css                [39m[1m[2m  1.04 kB[22m[1m[22m[2m │ gzip:   0.48 kB[22m
[2mdist/[22m[35massets/CheckoutPage-Bgoa70Mn.css               [39m[1m[2m  1.24 kB[22m[1m[22m[2m │ gzip:   0.59 kB[22m
[2mdist/[22m[35massets/RegisterPage-CWfK4yYF.css               [39m[1m[2m  1.24 kB[22m[1m[22m[2m │ gzip:   0.52 kB[22m
[2mdist/[22m[35massets/CartPage-CBPev2zf.css                   [39m[1m[2m  1.31 kB[22m[1m[22m[2m │ gzip:   0.55 kB[22m
[2mdist/[22m[35massets/Checkbox-FDpttv0z.css                   [39m[1m[2m  1.37 kB[22m[1m[22m[2m │ gzip:   0.53 kB[22m
[2mdist/[22m[35massets/ChooseDeliveryDate-C3Trt2kr.css         [39m[1m[2m  1.46 kB[22m[1m[22m[2m │ gzip:   0.63 kB[22m
[2mdist/[22m[35massets/ProductCardWithAddToCart-DXAZ1HpA.css   [39m[1m[2m  2.45 kB[22m[1m[22m[2m │ gzip:   0.88 kB[22m
[2mdist/[22m[35massets/OrderPage-C29Z1ySS.css                  [39m[1m[2m  4.42 kB[22m[1m[22m[2m │ gzip:   1.31 kB[22m
[2mdist/[22m[35massets/Catalog-IbI0S5Cq.css                    [39m[1m[2m  8.82 kB[22m[1m[22m[2m │ gzip:   2.25 kB[22m
[2mdist/[22m[35massets/EditAddress-ByvxRFUz.css                [39m[1m[2m 17.19 kB[22m[1m[22m[2m │ gzip:   6.93 kB[22m
[2mdist/[22m[35massets/index-BqDOttVS.css                      [39m[1m[2m 32.25 kB[22m[1m[22m[2m │ gzip:   6.77 kB[22m
[2mdist/[22m[36massets/SettingsAddressPage-2p3UsIFm.js         [39m[1m[2m  0.20 kB[22m[1m[22m[2m │ gzip:   0.17 kB[22m
[2mdist/[22m[36massets/orderApi-D2rGBPbd.js                    [39m[1m[2m  0.28 kB[22m[1m[22m[2m │ gzip:   0.22 kB[22m
[2mdist/[22m[36massets/SettingsAccountDetailsPage-CTD_k33X.js  [39m[1m[2m  0.35 kB[22m[1m[22m[2m │ gzip:   0.25 kB[22m
[2mdist/[22m[36massets/ChevronRight-BNmkgAqH.js                [39m[1m[2m  0.38 kB[22m[1m[22m[2m │ gzip:   0.28 kB[22m
[2mdist/[22m[36massets/Grid-QIPGL47-.js                        [39m[1m[2m  0.43 kB[22m[1m[22m[2m │ gzip:   0.31 kB[22m
[2mdist/[22m[36massets/order-BB1K7h_l.js                       [39m[1m[2m  0.45 kB[22m[1m[22m[2m │ gzip:   0.28 kB[22m
[2mdist/[22m[36massets/Checked-C9x5TLJG.js                     [39m[1m[2m  0.53 kB[22m[1m[22m[2m │ gzip:   0.35 kB[22m
[2mdist/[22m[36massets/VerifyEmailSuccessPage-CpbmN_DE.js      [39m[1m[2m  0.60 kB[22m[1m[22m[2m │ gzip:   0.38 kB[22m
[2mdist/[22m[36massets/ArrowRight-ZPE3eI8m.js                  [39m[1m[2m  0.81 kB[22m[1m[22m[2m │ gzip:   0.47 kB[22m
[2mdist/[22m[36massets/OrderStatusBadge-Dc9nL_re.js            [39m[1m[2m  0.89 kB[22m[1m[22m[2m │ gzip:   0.49 kB[22m
[2mdist/[22m[36massets/VerifyEmailErrorPage-BkLsllEX.js        [39m[1m[2m  0.91 kB[22m[1m[22m[2m │ gzip:   0.49 kB[22m
[2mdist/[22m[36massets/Tabs-DqgP1rH7.js                        [39m[1m[2m  1.02 kB[22m[1m[22m[2m │ gzip:   0.54 kB[22m
[2mdist/[22m[36massets/extractApiErrorMessage-Ds33qcNj.js      [39m[1m[2m  1.13 kB[22m[1m[22m[2m │ gzip:   0.41 kB[22m
[2mdist/[22m[36massets/Checkbox-B2A-hOhs.js                    [39m[1m[2m  1.16 kB[22m[1m[22m[2m │ gzip:   0.62 kB[22m
[2mdist/[22m[36massets/Check-qGsWdNqB.js                       [39m[1m[2m  1.27 kB[22m[1m[22m[2m │ gzip:   0.61 kB[22m
[2mdist/[22m[36massets/CategoryPage-jUJu-w_7.js                [39m[1m[2m  1.28 kB[22m[1m[22m[2m │ gzip:   0.69 kB[22m
[2mdist/[22m[36massets/AuthCallbackPage-Dg1fWJbx.js            [39m[1m[2m  1.31 kB[22m[1m[22m[2m │ gzip:   0.75 kB[22m
[2mdist/[22m[36massets/OTPInput-DQUwcqsC.js                    [39m[1m[2m  1.35 kB[22m[1m[22m[2m │ gzip:   0.77 kB[22m
[2mdist/[22m[36massets/Breadcrumbs-BSOVsbKj.js                 [39m[1m[2m  1.53 kB[22m[1m[22m[2m │ gzip:   0.68 kB[22m
[2mdist/[22m[36massets/Accordion-Cph6MCW4.js                   [39m[1m[2m  1.60 kB[22m[1m[22m[2m │ gzip:   0.75 kB[22m
[2mdist/[22m[36massets/SettingsNotificationsPage-DA_T4S_8.js   [39m[1m[2m  1.64 kB[22m[1m[22m[2m │ gzip:   0.85 kB[22m
[2mdist/[22m[36massets/SearchPage-ClS67GfI.js                  [39m[1m[2m  2.03 kB[22m[1m[22m[2m │ gzip:   0.99 kB[22m
[2mdist/[22m[36massets/OrderSummaryCard-D_4FUS9I.js            [39m[1m[2m  2.22 kB[22m[1m[22m[2m │ gzip:   0.96 kB[22m
[2mdist/[22m[36massets/ForgotPasswordPage-B4tuiqHu.js          [39m[1m[2m  2.40 kB[22m[1m[22m[2m │ gzip:   1.09 kB[22m
[2mdist/[22m[36massets/ReviewOrderItemsSkeleton-zCNHehua.js    [39m[1m[2m  2.65 kB[22m[1m[22m[2m │ gzip:   0.94 kB[22m
[2mdist/[22m[36massets/CheckoutResultPage-Bqh5TnH9.js          [39m[1m[2m  3.25 kB[22m[1m[22m[2m │ gzip:   1.53 kB[22m
[2mdist/[22m[36massets/CartPage-Y9aQ1XP0.js                    [39m[1m[2m  3.59 kB[22m[1m[22m[2m │ gzip:   1.63 kB[22m
[2mdist/[22m[36massets/BestSellingProducts-cNYK5EE9.js         [39m[1m[2m  3.83 kB[22m[1m[22m[2m │ gzip:   1.55 kB[22m
[2mdist/[22m[36massets/ResetPasswordPage-CqlsjX5Q.js           [39m[1m[2m  3.95 kB[22m[1m[22m[2m │ gzip:   1.59 kB[22m
[2mdist/[22m[36massets/AuthTwoFactorPage-2FMA_PT9.js           [39m[1m[2m  4.29 kB[22m[1m[22m[2m │ gzip:   1.75 kB[22m
[2mdist/[22m[36massets/ProductPage-cx4g6es7.js                 [39m[1m[2m  4.99 kB[22m[1m[22m[2m │ gzip:   2.00 kB[22m
[2mdist/[22m[36massets/LoginPage-D-J4kYs_.js                   [39m[1m[2m  6.31 kB[22m[1m[22m[2m │ gzip:   2.45 kB[22m
[2mdist/[22m[36massets/ChooseDeliveryDate-B1fkIj4U.js          [39m[1m[2m  7.01 kB[22m[1m[22m[2m │ gzip:   2.51 kB[22m
[2mdist/[22m[36massets/SettingsOrdersPage-Cm3ddgS6.js          [39m[1m[2m  7.25 kB[22m[1m[22m[2m │ gzip:   2.82 kB[22m
[2mdist/[22m[36massets/HomePage-C-Y1O4aB.js                    [39m[1m[2m  7.85 kB[22m[1m[22m[2m │ gzip:   2.78 kB[22m
[2mdist/[22m[36massets/SettingsSecurityPage-CHKwrlKv.js        [39m[1m[2m  8.48 kB[22m[1m[22m[2m │ gzip:   2.67 kB[22m
[2mdist/[22m[36massets/browser-ponyfill-CgbswefM.js            [39m[1m[2m 10.29 kB[22m[1m[22m[2m │ gzip:   3.52 kB[22m
[2mdist/[22m[36massets/RegisterPage-CDb3onzw.js                [39m[1m[2m 11.43 kB[22m[1m[22m[2m │ gzip:   3.80 kB[22m
[2mdist/[22m[36massets/CheckoutPage-DW8kWORK.js                [39m[1m[2m 13.10 kB[22m[1m[22m[2m │ gzip:   4.11 kB[22m
[2mdist/[22m[36massets/ProductCardWithAddToCart-DdjB96ZP.js    [39m[1m[2m 25.89 kB[22m[1m[22m[2m │ gzip:  10.52 kB[22m
[2mdist/[22m[36massets/Catalog-CpAHTbBN.js                     [39m[1m[2m 26.58 kB[22m[1m[22m[2m │ gzip:   9.42 kB[22m
[2mdist/[22m[36massets/zod-DdyA2coA.js                         [39m[1m[2m 31.87 kB[22m[1m[22m[2m │ gzip:  12.56 kB[22m
[2mdist/[22m[36massets/PromoCarousel-yioh7Hlw.js               [39m[1m[2m 33.32 kB[22m[1m[22m[2m │ gzip:  14.46 kB[22m
[2mdist/[22m[36massets/OrderPage-XHqBUJaX.js                   [39m[1m[2m 37.77 kB[22m[1m[22m[2m │ gzip:  14.36 kB[22m
[2mdist/[22m[36massets/schemas-DMwx8u4v.js                     [39m[1m[2m 57.38 kB[22m[1m[22m[2m │ gzip:  15.71 kB[22m
[2mdist/[22m[36massets/WindowScroller-BpDEy6H1.js              [39m[1m[2m117.07 kB[22m[1m[22m[2m │ gzip:  27.59 kB[22m
[2mdist/[22m[36massets/EditAddress-1R9jN2QA.js                 [39m[1m[2m165.41 kB[22m[1m[22m[2m │ gzip:  49.56 kB[22m
[2mdist/[22m[36massets/index--AAVdlr3.js                       [39m[1m[33m536.75 kB[39m[22m[2m │ gzip: 177.94 kB[22m
[33m
(!) Some chunks are larger than 500 kB after minification. Consider:
- Using dynamic import() to code-split the application
- Use build.rollupOptions.output.manualChunks to improve chunking: https://rollupjs.org/configuration-options/#output-m
anualchunks
- Adjust chunk size limit for this warning via build.chunkSizeWarningLimit.[39m
[32m✓ built in 7.29s[39m
